25 identities; 1372 rows
50 identities; 2572 rows
75 identities; 3634 rows
100 identities; 4258 rows
125 identities; 4651 rows
150 identities; 5060 rows
175 identities; 5465 rows
200 identities; 5871 rows
225 identities; 6251 rows
250 identities; 7324 rows
275 identities; 8356 rows
300 identities; 8952 rows
325 identities; 9492 rows
350 identities; 9887 rows
375 identities; 10437 rows
400 identities; 12112 rows
425 identities; 13933 rows
450 identities; 15499 rows
475 identities; 16518 rows
500 identities; 17530 rows
525 identities; 18304 rows
550 identities; 18792 rows
575 identities; 19142 rows
600 identities; 19570 rows
625 identities; 19991 rows
650 identities; 21182 rows
675 identities; 22782 rows
700 identities; 24202 rows
725 identities; 25559 rows
750 identities; 27004 rows
775 identities; 28344 rows
800 identities; 29940 rows
825 identities; 31204 rows
850 identities; 32516 rows
875 identities; 34009 rows
900 identities; 35521 rows
925 identities; 36796 rows
950 identities; 38291 rows
975 identities; 39745 rows
1000 identities; 41116 rows
1025 identities; 42498 rows
1050 identities; 43877 rows
1075 identities; 45377 rows
1100 identities; 46857 rows
1125 identities; 48104 rows
1150 identities; 49640 rows
1175 identities; 51217 rows
1200 identities; 52658 rows
1225 identities; 53722 rows
1250 identities; 55219 rows
1275 identities; 56780 rows
1300 identities; 58132 rows
1325 identities; 59575 rows
1350 identities; 61065 rows
1375 identities; 62445 rows
1400 identities; 63860 rows
1425 identities; 65314 rows
1450 identities; 66492 rows
1475 identities; 67860 rows
1500 identities; 69126 rows
1525 identities; 70418 rows
1550 identities; 71898 rows
1575 identities; 73198 rows
1600 identities; 74562 rows
1625 identities; 76014 rows
1650 identities; 77402 rows
1675 identities; 78722 rows
1700 identities; 79941 rows
1725 identities; 81359 rows
1750 identities; 82942 rows
1775 identities; 84141 rows
1800 identities; 85495 rows
1825 identities; 86812 rows
1850 identities; 88351 rows
1875 identities; 89884 rows
1900 identities; 91430 rows
1925 identities; 92763 rows
1950 identities; 94136 rows
1975 identities; 95180 rows
2000 identities; 96607 rows
2025 identities; 98085 rows
2050 identities; 99347 rows
DONE 2058 99691
