25 identities 1277 rows
50 identities 2198 rows
75 identities 2660 rows
100 identities 3097 rows
125 identities 3879 rows
150 identities 4674 rows
175 identities 5065 rows
200 identities 6286 rows
225 identities 7935 rows
250 identities 8974 rows
275 identities 9631 rows
300 identities 10028 rows
325 identities 10871 rows
350 identities 12346 rows
375 identities 13676 rows
400 identities 15317 rows
425 identities 16742 rows
450 identities 18232 rows
475 identities 19660 rows
500 identities 21027 rows
525 identities 22526 rows
550 identities 24058 rows
575 identities 25533 rows
600 identities 27078 rows
625 identities 28390 rows
650 identities 29787 rows
675 identities 31223 rows
700 identities 32653 rows
725 identities 33783 rows
750 identities 35129 rows
775 identities 36513 rows
800 identities 37974 rows
825 identities 39421 rows
850 identities 40583 rows
875 identities 42248 rows
900 identities 43622 rows
925 identities 45013 rows
950 identities 46564 rows
975 identities 48002 rows
1000 identities 49140 rows
1025 identities 50572 rows
DONE 1029 50745
