25 identities 1295 rows
50 identities 2060 rows
75 identities 2400 rows
100 identities 2774 rows
125 identities 3445 rows
150 identities 4278 rows
175 identities 4822 rows
200 identities 5826 rows
225 identities 7564 rows
250 identities 8556 rows
275 identities 9161 rows
300 identities 9542 rows
325 identities 10311 rows
350 identities 11856 rows
375 identities 13328 rows
400 identities 14623 rows
425 identities 15774 rows
450 identities 17289 rows
475 identities 18631 rows
500 identities 20089 rows
525 identities 21351 rows
550 identities 22799 rows
575 identities 24107 rows
600 identities 25580 rows
625 identities 26829 rows
650 identities 28345 rows
675 identities 29842 rows
700 identities 31207 rows
725 identities 32709 rows
750 identities 33997 rows
775 identities 35385 rows
800 identities 36588 rows
825 identities 37981 rows
850 identities 39358 rows
875 identities 40694 rows
900 identities 41873 rows
925 identities 43338 rows
950 identities 44866 rows
975 identities 46134 rows
1000 identities 47467 rows
1025 identities 48775 rows
DONE 1029 48946
