history returns: 0 refreshed, 2079 cached, 0 failed
┌─────────┬───────────┬───────────────┬────────────────┬───────────┬───────────┬────────────┬────────────┬────────────────────────────────────────────────────────┐
│ (index) │ id        │ expect        │ understandable │ moat      │ economics │ management │ accounting │ verdict                                                │
├─────────┼───────────┼───────────────┼────────────────┼───────────┼───────────┼────────────┼────────────┼────────────────────────────────────────────────────────┤
│ 0       │ 'KO.US'   │ 'quality'     │ 'pass'         │ 'pass'    │ 'pass'    │ 'pass'     │ 'pass'     │ 'correct'                                              │
│ 1       │ 'AAPL.US' │ 'quality'     │ 'pass'         │ 'pass'    │ 'pass'    │ 'pass'     │ 'pass'     │ 'correct'                                              │
│ 2       │ 'AXP.US'  │ 'quality'     │ 'pass'         │ 'pass'    │ 'pass'    │ 'pass'     │ 'pass'     │ 'correct'                                              │
│ 3       │ 'MCO.US'  │ 'quality'     │ 'pass'         │ 'pass'    │ 'pass'    │ 'pass'     │ 'pass'     │ 'correct'                                              │
│ 4       │ 'VRSN.US' │ 'quality'     │ 'pass'         │ 'pass'    │ 'pass'    │ 'pass'     │ 'pass'     │ 'correct'                                              │
│ 5       │ 'V.US'    │ 'quality'     │ 'pass'         │ 'pass'    │ 'pass'    │ 'pass'     │ 'pass'     │ 'correct'                                              │
│ 6       │ 'MA.US'   │ 'quality'     │ 'pass'         │ 'pass'    │ 'pass'    │ 'pass'     │ 'pass'     │ 'correct'                                              │
│ 7       │ 'CB.US'   │ 'quality'     │ 'pass'         │ 'pass'    │ 'pass'    │ 'pass'     │ 'pass'     │ 'correct'                                              │
│ 8       │ 'DPZ.US'  │ 'quality'     │ 'pass'         │ 'pass'    │ 'pass'    │ 'pass'     │ 'pass'     │ 'correct'                                              │
│ 9       │ 'POOL.US' │ 'quality'     │ 'pass'         │ 'pass'    │ 'pass'    │ 'pass'     │ 'pass'     │ 'correct'                                              │
│ 10      │ 'CHTR.US' │ 'exception'   │ 'pass'         │ 'fail'    │ 'fail'    │ 'fail'     │ 'pass'     │ 'exception'                                            │
│ 11      │ '8058.JP' │ 'exception'   │ 'pass'         │ 'fail'    │ 'pass'    │ 'pass'     │ 'pass'     │ 'exception'                                            │
│ 12      │ '8031.JP' │ 'exception'   │ 'pass'         │ 'fail'    │ 'fail'    │ 'pass'     │ 'pass'     │ 'exception'                                            │
│ 13      │ '8001.JP' │ 'exception'   │ 'pass'         │ 'fail'    │ 'pass'    │ 'pass'     │ 'pass'     │ 'exception'                                            │
│ 14      │ '8002.JP' │ 'exception'   │ 'fail'         │ 'fail'    │ 'pass'    │ 'pass'     │ 'pass'     │ 'exception'                                            │
│ 15      │ '8053.JP' │ 'exception'   │ 'fail'         │ 'fail'    │ 'pass'    │ 'fail'     │ 'pass'     │ 'exception'                                            │
│ 16      │ 'DAL.US'  │ 'not_quality' │ 'fail'         │ 'fail'    │ 'fail'    │ 'pass'     │ 'pass'     │ 'correct: understandable, moat, economics'             │
│ 17      │ 'UAL.US'  │ 'not_quality' │ 'fail'         │ 'fail'    │ 'fail'    │ 'pass'     │ 'pass'     │ 'correct: understandable, moat, economics'             │
│ 18      │ 'AAL.US'  │ 'not_quality' │ 'fail'         │ 'fail'    │ 'fail'    │ 'fail'     │ 'pass'     │ 'correct: understandable, moat, economics, management' │
│ 19      │ 'LUV.US'  │ 'not_quality' │ 'fail'         │ 'fail'    │ 'fail'    │ 'fail'     │ 'pass'     │ 'correct: understandable, moat, economics, management' │
│ 20      │ 'JBLU.US' │ 'not_quality' │ 'fail'         │ 'fail'    │ 'fail'    │ 'fail'     │ 'pass'     │ 'correct: understandable, moat, economics, management' │
│ 21      │ 'GT.US'   │ 'not_quality' │ 'fail'         │ 'fail'    │ 'fail'    │ 'fail'     │ 'pass'     │ 'correct: understandable, moat, economics, management' │
│ 22      │ 'NCLH.US' │ 'not_quality' │ 'fail'         │ 'fail'    │ 'fail'    │ 'fail'     │ 'pass'     │ 'correct: understandable, moat, economics, management' │
│ 23      │ 'FCX.US'  │ 'not_quality' │ 'fail'         │ 'fail'    │ 'fail'    │ 'pass'     │ 'pass'     │ 'correct: understandable, moat, economics'             │
│ 24      │ 'VALE.US' │ 'not_quality' │ 'pass'         │ 'fail'    │ 'pass'    │ 'pass'     │ 'pass'     │ 'correct: moat'                                        │
│ 25      │ 'CLF.US'  │ 'not_quality' │ 'fail'         │ 'fail'    │ 'fail'    │ 'fail'     │ 'pass'     │ 'correct: understandable, moat, economics, management' │
│ 26      │ 'AA.US'   │ 'not_quality' │ 'fail'         │ 'fail'    │ 'pass'    │ 'fail'     │ 'pass'     │ 'correct: understandable, moat, management'            │
│ 27      │ 'BHC.US'  │ 'not_quality' │ 'fail'         │ 'fail'    │ 'pass'    │ 'pass'     │ 'pass'     │ 'correct: understandable, moat'                        │
│ 28      │ 'PLUG.US' │ 'not_quality' │ 'fail'         │ 'fail'    │ 'fail'    │ 'fail'     │ 'pass'     │ 'correct: understandable, moat, economics, management' │
│ 29      │ 'AMC.US'  │ 'not_quality' │ 'fail'         │ 'fail'    │ 'fail'    │ 'fail'     │ 'pass'     │ 'correct: understandable, moat, economics, management' │
│ 30      │ 'LCID.US' │ 'not_quality' │ 'unclear'      │ 'unclear' │ 'unclear' │ 'unclear'  │ 'unclear'  │ 'missing or insufficient data'                         │
│ 31      │ 'RIVN.US' │ 'not_quality' │ 'fail'         │ 'fail'    │ 'fail'    │ 'fail'     │ 'pass'     │ 'correct: understandable, moat, economics, management' │
│ 32      │ 'CCL.US'  │ 'not_quality' │ 'fail'         │ 'fail'    │ 'fail'    │ 'fail'     │ 'pass'     │ 'correct: understandable, moat, economics, management' │
│ 33      │ 'M.US'    │ 'not_quality' │ 'fail'         │ 'fail'    │ 'fail'    │ 'fail'     │ 'pass'     │ 'correct: understandable, moat, economics, management' │
│ 34      │ 'OXY.US'  │ 'exception'   │ 'fail'         │ 'fail'    │ 'pass'    │ 'fail'     │ 'pass'     │ 'exception'                                            │
│ 35      │ 'CVX.US'  │ 'exception'   │ 'fail'         │ 'fail'    │ 'pass'    │ 'pass'     │ 'pass'     │ 'exception'                                            │
└─────────┴───────────┴───────────────┴────────────────┴───────────┴───────────┴────────────┴────────────┴────────────────────────────────────────────────────────┘
Confusion counts: {"truePositive":10,"trueNegative":17,"falsePositive":0,"falseNegative":0,"unclear":0,"missing":1,"exception":8}
Private share residual: 211; quality passes: 19
coverage: missingLogos=30->30 buy:AT=0->0 buy:AU=1->1 buy:BE=0->0 buy:BR=0->0 buy:CA=0->0 buy:CH=0->0 buy:CN=5->5 buy:DE=0->0 buy:DK=0->0 buy:ES=0->0 buy:FI=0->0 buy:FR=1->1 buy:GB=3->3 buy:HK=0->0 buy:IE=0->0 buy:IN=0->0 buy:IT=0->0 buy:JP=0->0 buy:KR=0->0 buy:MX=1->1 buy:NL=1->1 buy:NO=0->0 buy:NZ=0->0 buy:PH=0->0 buy:PL=1->1 buy:PT=0->0 buy:SE=0->0 buy:SG=0->0 buy:TW=0->0 buy:US=14->14 buy:all=27->27 buy:default=27->27 buy:western=21->21 dossiers=3915->3915 index:AT=19->19 index:AU=215->215 index:BE=20->20 index:BR=72->72 index:CA=59->59 index:CH=56->56 index:CN=295->295 index:DE=88->88 index:DK=26->26 index:ES=34->34 index:FI=25->25 index:FR=113->113 index:GB=264->264 index:HK=66->66 index:IE=18->18 index:IN=43->43 index:IT=47->47 index:JP=231->231 index:KR=194->194 index:MX=33->33 index:NL=33->33 index:NO=27->27 index:NZ=17->17 index:PH=1->1 index:PL=17->17 index:PT=15->15 index:SE=53->53 index:SG=26->26 index:TW=50->50 index:US=1753->1753 index:default=1022->1043 logos=3885->3885 priceHistory=3910->3910 quality=3670->3670 valuation=2434->2892 missingLogos:AT=0->0 missingLogos:AU=0->0 missingLogos:BE=0->0 missingLogos:BR=0->0 missingLogos:CA=0->0 missingLogos:CH=0->0 missingLogos:CN=1->1 missingLogos:DE=1->1 missingLogos:DK=0->0 missingLogos:ES=0->0 missingLogos:FI=0->0 missingLogos:FR=0->0 missingLogos:GB=0->0 missingLogos:HK=0->0 missingLogos:IE=0->0 missingLogos:IN=2->2 missingLogos:IT=0->0 missingLogos:JP=1->1 missingLogos:KR=8->8 missingLogos:MX=0->0 missingLogos:NL=0->0 missingLogos:NO=0->0 missingLogos:NZ=1->1 missingLogos:PH=0->0 missingLogos:PL=0->0 missingLogos:PT=0->0 missingLogos:SE=0->0 missingLogos:SG=1->1 missingLogos:TW=0->0 missingLogos:US=15->15
coverage: missingLogos=30->30 buy:AT=0->0 buy:AU=1->1 buy:BE=0->0 buy:BR=0->0 buy:CA=0->0 buy:CH=0->0 buy:CN=5->5 buy:DE=0->0 buy:DK=0->0 buy:ES=0->0 buy:FI=0->0 buy:FR=1->1 buy:GB=3->3 buy:HK=0->0 buy:IE=0->0 buy:IN=0->0 buy:IT=0->0 buy:JP=0->0 buy:KR=0->0 buy:MX=1->1 buy:NL=1->1 buy:NO=0->0 buy:NZ=0->0 buy:PH=0->0 buy:PL=1->1 buy:PT=0->0 buy:SE=0->0 buy:SG=0->0 buy:TW=0->0 buy:US=14->14 buy:all=27->27 buy:default=27->27 buy:western=21->21 dossiers=3915->3915 index:AT=19->19 index:AU=215->215 index:BE=20->20 index:BR=72->72 index:CA=59->59 index:CH=56->56 index:CN=295->295 index:DE=88->88 index:DK=26->26 index:ES=34->34 index:FI=25->25 index:FR=113->113 index:GB=264->264 index:HK=66->66 index:IE=18->18 index:IN=43->43 index:IT=47->47 index:JP=231->231 index:KR=194->194 index:MX=33->33 index:NL=33->33 index:NO=27->27 index:NZ=17->17 index:PH=1->1 index:PL=17->17 index:PT=15->15 index:SE=53->53 index:SG=26->26 index:TW=50->50 index:US=1753->1753 index:default=1022->1043 logos=3885->3885 priceHistory=3910->3910 quality=3670->3670 valuation=2434->2892 missingLogos:AT=0->0 missingLogos:AU=0->0 missingLogos:BE=0->0 missingLogos:BR=0->0 missingLogos:CA=0->0 missingLogos:CH=0->0 missingLogos:CN=1->1 missingLogos:DE=1->1 missingLogos:DK=0->0 missingLogos:ES=0->0 missingLogos:FI=0->0 missingLogos:FR=0->0 missingLogos:GB=0->0 missingLogos:HK=0->0 missingLogos:IE=0->0 missingLogos:IN=2->2 missingLogos:IT=0->0 missingLogos:JP=1->1 missingLogos:KR=8->8 missingLogos:MX=0->0 missingLogos:NL=0->0 missingLogos:NO=0->0 missingLogos:NZ=1->1 missingLogos:PH=0->0 missingLogos:PL=0->0 missingLogos:PT=0->0 missingLogos:SE=0->0 missingLogos:SG=1->1 missingLogos:TW=0->0 missingLogos:US=15->15
coverage: pages=20/20 rendered; logo img checked
coverage: missingLogos=30->30 buy:AT=0->0 buy:AU=1->1 buy:BE=0->0 buy:BR=0->0 buy:CA=0->0 buy:CH=0->0 buy:CN=5->5 buy:DE=0->0 buy:DK=0->0 buy:ES=0->0 buy:FI=0->0 buy:FR=1->1 buy:GB=3->3 buy:HK=0->0 buy:IE=0->0 buy:IN=0->0 buy:IT=0->0 buy:JP=0->0 buy:KR=0->0 buy:MX=1->1 buy:NL=1->1 buy:NO=0->0 buy:NZ=0->0 buy:PH=0->0 buy:PL=1->1 buy:PT=0->0 buy:SE=0->0 buy:SG=0->0 buy:TW=0->0 buy:US=14->14 buy:all=27->27 buy:default=27->27 buy:western=21->21 dossiers=3915->3915 index:AT=19->19 index:AU=215->215 index:BE=20->20 index:BR=72->72 index:CA=59->59 index:CH=56->56 index:CN=295->295 index:DE=88->88 index:DK=26->26 index:ES=34->34 index:FI=25->25 index:FR=113->113 index:GB=264->264 index:HK=66->66 index:IE=18->18 index:IN=43->43 index:IT=47->47 index:JP=231->231 index:KR=194->194 index:MX=33->33 index:NL=33->33 index:NO=27->27 index:NZ=17->17 index:PH=1->1 index:PL=17->17 index:PT=15->15 index:SE=53->53 index:SG=26->26 index:TW=50->50 index:US=1753->1753 index:default=1022->1043 logos=3885->3885 priceHistory=3910->3910 quality=3670->3670 valuation=2434->2892 missingLogos:AT=0->0 missingLogos:AU=0->0 missingLogos:BE=0->0 missingLogos:BR=0->0 missingLogos:CA=0->0 missingLogos:CH=0->0 missingLogos:CN=1->1 missingLogos:DE=1->1 missingLogos:DK=0->0 missingLogos:ES=0->0 missingLogos:FI=0->0 missingLogos:FR=0->0 missingLogos:GB=0->0 missingLogos:HK=0->0 missingLogos:IE=0->0 missingLogos:IN=2->2 missingLogos:IT=0->0 missingLogos:JP=1->1 missingLogos:KR=8->8 missingLogos:MX=0->0 missingLogos:NL=0->0 missingLogos:NO=0->0 missingLogos:NZ=1->1 missingLogos:PH=0->0 missingLogos:PL=0->0 missingLogos:PT=0->0 missingLogos:SE=0->0 missingLogos:SG=1->1 missingLogos:TW=0->0 missingLogos:US=15->15
coverage: pages=20/20 rendered; logo img checked
coverage: missingLogos=30->30 buy:AT=0->0 buy:AU=1->1 buy:BE=0->0 buy:BR=0->0 buy:CA=0->0 buy:CH=0->0 buy:CN=5->5 buy:DE=0->0 buy:DK=0->0 buy:ES=0->0 buy:FI=0->0 buy:FR=1->1 buy:GB=3->3 buy:HK=0->0 buy:IE=0->0 buy:IN=0->0 buy:IT=0->0 buy:JP=0->0 buy:KR=0->0 buy:MX=1->1 buy:NL=1->1 buy:NO=0->0 buy:NZ=0->0 buy:PH=0->0 buy:PL=1->1 buy:PT=0->0 buy:SE=0->0 buy:SG=0->0 buy:TW=0->0 buy:US=14->14 buy:all=27->27 buy:default=27->27 buy:western=21->21 dossiers=3915->3915 index:AT=19->19 index:AU=215->215 index:BE=20->20 index:BR=72->72 index:CA=59->59 index:CH=56->56 index:CN=295->295 index:DE=88->88 index:DK=26->26 index:ES=34->34 index:FI=25->25 index:FR=113->113 index:GB=264->264 index:HK=66->66 index:IE=18->18 index:IN=43->43 index:IT=47->47 index:JP=231->231 index:KR=194->194 index:MX=33->33 index:NL=33->33 index:NO=27->27 index:NZ=17->17 index:PH=1->1 index:PL=17->17 index:PT=15->15 index:SE=53->53 index:SG=26->26 index:TW=50->50 index:US=1753->1753 index:default=1022->1043 logos=3885->3885 priceHistory=3910->3910 quality=3670->3670 valuation=2434->2892 missingLogos:AT=0->0 missingLogos:AU=0->0 missingLogos:BE=0->0 missingLogos:BR=0->0 missingLogos:CA=0->0 missingLogos:CH=0->0 missingLogos:CN=1->1 missingLogos:DE=1->1 missingLogos:DK=0->0 missingLogos:ES=0->0 missingLogos:FI=0->0 missingLogos:FR=0->0 missingLogos:GB=0->0 missingLogos:HK=0->0 missingLogos:IE=0->0 missingLogos:IN=2->2 missingLogos:IT=0->0 missingLogos:JP=1->1 missingLogos:KR=8->8 missingLogos:MX=0->0 missingLogos:NL=0->0 missingLogos:NO=0->0 missingLogos:NZ=1->1 missingLogos:PH=0->0 missingLogos:PL=0->0 missingLogos:PT=0->0 missingLogos:SE=0->0 missingLogos:SG=1->1 missingLogos:TW=0->0 missingLogos:US=15->15
coverage: pages=20/20 rendered; logo img checked
blob publish: 6270 files, 215861567 bytes, version d7cf836f96e4084b63bccb4a488bb56083f3cbc218bb6186e3fe7909dca399c4
publish: 3910 companies, replaced data snapshot
