history returns: 0 refreshed, 2079 cached, 0 failed
┌─────────┬───────────┬───────────────┬────────────────┬───────────┬───────────┬────────────┬────────────┬────────────────────────────────────────────────────────┐
│ (index) │ id        │ expect        │ understandable │ moat      │ economics │ management │ accounting │ verdict                                                │
├─────────┼───────────┼───────────────┼────────────────┼───────────┼───────────┼────────────┼────────────┼────────────────────────────────────────────────────────┤
│ 0       │ 'KO.US'   │ 'quality'     │ 'pass'         │ 'pass'    │ 'pass'    │ 'pass'     │ 'pass'     │ 'correct'                                              │
│ 1       │ 'AAPL.US' │ 'quality'     │ 'pass'         │ 'pass'    │ 'pass'    │ 'pass'     │ 'pass'     │ 'correct'                                              │
│ 2       │ 'AXP.US'  │ 'quality'     │ 'pass'         │ 'pass'    │ 'pass'    │ 'pass'     │ 'pass'     │ 'correct'                                              │
│ 3       │ 'MCO.US'  │ 'quality'     │ 'pass'         │ 'pass'    │ 'pass'    │ 'pass'     │ 'pass'     │ 'correct'                                              │
│ 4       │ 'VRSN.US' │ 'quality'     │ 'pass'         │ 'pass'    │ 'pass'    │ 'pass'     │ 'pass'     │ 'correct'                                              │
│ 5       │ 'V.US'    │ 'quality'     │ 'pass'         │ 'pass'    │ 'pass'    │ 'pass'     │ 'pass'     │ 'correct'                                              │
│ 6       │ 'MA.US'   │ 'quality'     │ 'pass'         │ 'pass'    │ 'pass'    │ 'pass'     │ 'pass'     │ 'correct'                                              │
│ 7       │ 'CB.US'   │ 'quality'     │ 'pass'         │ 'pass'    │ 'pass'    │ 'pass'     │ 'pass'     │ 'correct'                                              │
│ 8       │ 'DPZ.US'  │ 'quality'     │ 'pass'         │ 'pass'    │ 'pass'    │ 'pass'     │ 'pass'     │ 'correct'                                              │
│ 9       │ 'POOL.US' │ 'quality'     │ 'pass'         │ 'pass'    │ 'pass'    │ 'pass'     │ 'pass'     │ 'correct'                                              │
│ 10      │ 'CHTR.US' │ 'exception'   │ 'pass'         │ 'fail'    │ 'fail'    │ 'fail'     │ 'pass'     │ 'exception'                                            │
│ 11      │ '8058.JP' │ 'exception'   │ 'pass'         │ 'fail'    │ 'pass'    │ 'pass'     │ 'pass'     │ 'exception'                                            │
│ 12      │ '8031.JP' │ 'exception'   │ 'pass'         │ 'fail'    │ 'fail'    │ 'pass'     │ 'pass'     │ 'exception'                                            │
│ 13      │ '8001.JP' │ 'exception'   │ 'pass'         │ 'fail'    │ 'pass'    │ 'pass'     │ 'pass'     │ 'exception'                                            │
│ 14      │ '8002.JP' │ 'exception'   │ 'fail'         │ 'fail'    │ 'pass'    │ 'pass'     │ 'pass'     │ 'exception'                                            │
│ 15      │ '8053.JP' │ 'exception'   │ 'fail'         │ 'fail'    │ 'pass'    │ 'fail'     │ 'pass'     │ 'exception'                                            │
│ 16      │ 'DAL.US'  │ 'not_quality' │ 'fail'         │ 'fail'    │ 'fail'    │ 'pass'     │ 'pass'     │ 'correct: understandable, moat, economics'             │
│ 17      │ 'UAL.US'  │ 'not_quality' │ 'fail'         │ 'fail'    │ 'fail'    │ 'pass'     │ 'pass'     │ 'correct: understandable, moat, economics'             │
│ 18      │ 'AAL.US'  │ 'not_quality' │ 'fail'         │ 'fail'    │ 'fail'    │ 'fail'     │ 'pass'     │ 'correct: understandable, moat, economics, management' │
│ 19      │ 'LUV.US'  │ 'not_quality' │ 'fail'         │ 'fail'    │ 'fail'    │ 'fail'     │ 'pass'     │ 'correct: understandable, moat, economics, management' │
│ 20      │ 'JBLU.US' │ 'not_quality' │ 'fail'         │ 'fail'    │ 'fail'    │ 'fail'     │ 'pass'     │ 'correct: understandable, moat, economics, management' │
│ 21      │ 'GT.US'   │ 'not_quality' │ 'na'           │ 'na'      │ 'na'      │ 'na'       │ 'na'       │ 'missing or insufficient data'                         │
│ 22      │ 'NCLH.US' │ 'not_quality' │ 'fail'         │ 'fail'    │ 'fail'    │ 'fail'     │ 'pass'     │ 'correct: understandable, moat, economics, management' │
│ 23      │ 'FCX.US'  │ 'not_quality' │ 'fail'         │ 'fail'    │ 'fail'    │ 'pass'     │ 'pass'     │ 'correct: understandable, moat, economics'             │
│ 24      │ 'VALE.US' │ 'not_quality' │ 'pass'         │ 'fail'    │ 'pass'    │ 'pass'     │ 'pass'     │ 'correct: moat'                                        │
│ 25      │ 'CLF.US'  │ 'not_quality' │ 'fail'         │ 'fail'    │ 'fail'    │ 'fail'     │ 'pass'     │ 'correct: understandable, moat, economics, management' │
│ 26      │ 'AA.US'   │ 'not_quality' │ 'fail'         │ 'fail'    │ 'pass'    │ 'fail'     │ 'pass'     │ 'correct: understandable, moat, management'            │
│ 27      │ 'BHC.US'  │ 'not_quality' │ 'fail'         │ 'fail'    │ 'pass'    │ 'pass'     │ 'pass'     │ 'correct: understandable, moat'                        │
│ 28      │ 'PLUG.US' │ 'not_quality' │ 'fail'         │ 'fail'    │ 'fail'    │ 'fail'     │ 'pass'     │ 'correct: understandable, moat, economics, management' │
│ 29      │ 'AMC.US'  │ 'not_quality' │ 'fail'         │ 'fail'    │ 'fail'    │ 'fail'     │ 'pass'     │ 'correct: understandable, moat, economics, management' │
│ 30      │ 'LCID.US' │ 'not_quality' │ 'unclear'      │ 'unclear' │ 'unclear' │ 'unclear'  │ 'unclear'  │ 'missing or insufficient data'                         │
│ 31      │ 'RIVN.US' │ 'not_quality' │ 'unclear'      │ 'unclear' │ 'unclear' │ 'unclear'  │ 'unclear'  │ 'missing or insufficient data'                         │
│ 32      │ 'CCL.US'  │ 'not_quality' │ 'fail'         │ 'fail'    │ 'fail'    │ 'fail'     │ 'pass'     │ 'correct: understandable, moat, economics, management' │
│ 33      │ 'M.US'    │ 'not_quality' │ 'fail'         │ 'fail'    │ 'fail'    │ 'fail'     │ 'pass'     │ 'correct: understandable, moat, economics, management' │
│ 34      │ 'OXY.US'  │ 'exception'   │ 'fail'         │ 'fail'    │ 'pass'    │ 'fail'     │ 'pass'     │ 'exception'                                            │
│ 35      │ 'CVX.US'  │ 'exception'   │ 'fail'         │ 'fail'    │ 'pass'    │ 'pass'     │ 'pass'     │ 'exception'                                            │
└─────────┴───────────┴───────────────┴────────────────┴───────────┴───────────┴────────────┴────────────┴────────────────────────────────────────────────────────┘
Confusion counts: {"truePositive":10,"trueNegative":15,"falsePositive":0,"falseNegative":0,"unclear":0,"missing":3,"exception":8}
Private share residual: 77; quality passes: 2

<--- Last few GCs --->

[1780487:0x21f13000]   162149 ms: Scavenge (reduce) (interleaved) 1021.4 (1041.9) -> 1021.4 (1040.9) MB, pooled: 0 MB, 5.12 / 0.00 ms  (average mu = 0.650, current mu = 0.192) allocation failure;
[1780487:0x21f13000]   162651 ms: Mark-Compact (reduce) 1022.4 (1040.9) -> 1022.4 (1041.9) MB, pooled: 0 MB, 492.29 / 0.00 ms  (+ 11.0 ms in 0 steps since start of marking, biggest step 0.0 ms, walltime since start of marking 519 ms) (average mu = 0.533,

<--- JS stacktrace --->

FATAL ERROR: Reached heap limit Allocation failed - JavaScript heap out of memory
----- Native stack trace -----

 1: 0xe46bbe node::OOMErrorHandler(char const*, v8::OOMDetails const&) [node]
 2: 0x1244310 v8::Utils::ReportOOMFailure(v8::internal::Isolate*, char const*, v8::OOMDetails const&) [node]
 3: 0x12445e7 v8::internal::V8::FatalProcessOutOfMemory(v8::internal::Isolate*, char const*, v8::OOMDetails const&) [node]
 4: 0x14734f5  [node]
 5: 0x148cd89 v8::internal::Heap::CollectGarbage(v8::internal::AllocationSpace, v8::internal::GarbageCollectionReason, v8::GCCallbackFlags) [node]
 6: 0x1461488 v8::internal::HeapAllocator::AllocateRawWithLightRetrySlowPath(int, v8::internal::AllocationType, v8::internal::AllocationOrigin, v8::internal::AllocationAlignment) [node]
 7: 0x14623b5 v8::internal::HeapAllocator::AllocateRawWithRetryOrFailSlowPath(int, v8::internal::AllocationType, v8::internal::AllocationOrigin, v8::internal::AllocationAlignment) [node]
 8: 0x143a6de v8::internal::Factory::AllocateRaw(int, v8::internal::AllocationType, v8::internal::AllocationAlignment) [node]
 9: 0x1429514 v8::internal::FactoryBase<v8::internal::Factory>::AllocateRawWithImmortalMap(int, v8::internal::AllocationType, v8::internal::Tagged<v8::internal::Map>, v8::internal::AllocationAlignment) [node]
10: 0x142a9de v8::internal::FactoryBase<v8::internal::Factory>::NewRawOneByteString(int, v8::internal::AllocationType) [node]
11: 0x15a23cd v8::internal::JsonParser<unsigned short>::MakeString(v8::internal::JsonString const&, v8::internal::Handle<v8::internal::String>) [node]
12: 0x15a8e9e  [node]
13: 0x15ab32d v8::internal::JsonParser<unsigned short>::ParseJson(v8::internal::Handle<v8::internal::Object>) [node]
14: 0x12c20fc v8::internal::Builtin_JsonParse(int, unsigned long*, v8::internal::Isolate*) [node]
15: 0x1dfda36  [node]
Aborted (core dumped)
