chromium 390 844 / 0 0 0
chromium 1180 820 / 0 0 0
chromium 820 1180 / 0 0 0
chromium 768 1024 / 0 0 0
chromium 1024 768 / 0 0 0
chromium 375 667 / 0 0 0
chromium 1180 820 /index 0 0 0
chromium 820 1180 /index 0 0 0
chromium 390 844 /index 0 0 0
chromium 768 1024 /index 0 0 0
chromium 1024 768 /index 0 0 0
chromium 375 667 /index 0 0 0
chromium 1180 820 /HA?q=2026Q2 0 0 0
chromium 375 667 /HA?q=2026Q2 0 0 0
chromium 390 844 /HA?q=2026Q2 0 0 0
chromium 820 1180 /HA?q=2026Q2 0 0 0
chromium 1024 768 /HA?q=2026Q2 0 0 0
chromium 768 1024 /HA?q=2026Q2 0 0 0
chromium 1180 820 /BRK 0 0 0
chromium 375 667 /BRK 0 0 0
chromium 390 844 /BRK 0 0 0
chromium 820 1180 /BRK 0 0 0
chromium 1024 768 /BRK 0 0 0
chromium 768 1024 /BRK 0 0 0
chromium 1180 820 /PSH 0 1 1
chromium 375 667 /PSH 0 1 1
chromium 390 844 /PSH 0 1 1
chromium 820 1180 /PSH 0 1 1
chromium 1024 768 /PSH 0 1 1
chromium 768 1024 /PSH 0 1 1
chromium 375 667 /SAM 0 0 0
chromium 1180 820 /SAM 0 0 0
chromium 390 844 /SAM 0 0 0
chromium 820 1180 /SAM 0 0 0
chromium 1024 768 /SAM 0 0 0
chromium 768 1024 /SAM 0 0 0
chromium 375 667 /FS 0 0 0
chromium 390 844 /FS 0 0 0
chromium 1024 768 /FS 0 0 0
chromium 768 1024 /FS 0 0 0
chromium 820 1180 /FS 0 0 0
chromium 1180 820 /FS 0 0 0
chromium 768 1024 /value 0 0 0
chromium 1024 768 /value 0 0 0
chromium 820 1180 /value 0 0 0
chromium 390 844 /value 0 0 0
chromium 375 667 /value 0 0 0
chromium 1180 820 /value 0 0 0
chromium 390 844 /s/GOOGL 0 0 0
chromium 375 667 /s/GOOGL 0 0 0
chromium 1024 768 /s/GOOGL 0 0 0
chromium 1180 820 /s/GOOGL 0 0 0
chromium 390 844 /s/NVDA 0 0 0
chromium 375 667 /s/NVDA 0 0 0
chromium 1024 768 /s/NVDA 0 0 0
chromium 1180 820 /s/NVDA 0 0 0
chromium 768 1024 /s/GOOGL 3 0 0
chromium 820 1180 /s/GOOGL 3 0 0
chromium 390 844 /s/KO 0 0 0
chromium 375 667 /s/KO 0 0 0
chromium 1024 768 /s/KO 0 0 0
chromium 1180 820 /s/KO 0 0 0
chromium 390 844 /s/NTES 0 0 0
chromium 375 667 /s/NTES 0 0 0
chromium 1180 820 /s/NTES 0 0 0
chromium 1024 768 /s/NTES 0 0 0
chromium 768 1024 /s/NVDA 3 0 0
chromium 820 1180 /s/NVDA 3 0 0
chromium 390 844 /s/JPM 0 0 0
chromium 375 667 /s/JPM 0 0 0
chromium 1024 768 /s/JPM 0 0 0
chromium 1180 820 /s/JPM 0 0 0
chromium 390 844 /s/7203.T 0 1 1
chromium 375 667 /s/7203.T 0 1 1
chromium 1024 768 /s/7203.T 0 1 1
chromium 1180 820 /s/7203.T 0 1 1
chromium 390 844 /s/005930.KO 0 0 0
chromium 375 667 /s/005930.KO 0 0 0
chromium 1180 820 /s/005930.KO 0 0 0
chromium 1024 768 /s/005930.KO 0 0 0
chromium 768 1024 /s/KO 3 0 0
chromium 820 1180 /s/KO 3 0 0
chromium 390 844 /s/AAPL 0 0 0
chromium 375 667 /s/AAPL 0 0 0
chromium 1180 820 /s/AAPL 0 0 0
chromium 1024 768 /s/AAPL 0 0 0
chromium 390 844 /s/MSFT 0 0 0
chromium 375 667 /s/MSFT 0 0 0
chromium 1180 820 /s/MSFT 0 0 0
chromium 1024 768 /s/MSFT 0 0 0
chromium 768 1024 /s/NTES 3 0 0
chromium 820 1180 /s/NTES 3 0 0
chromium 375 667 /s/DPZ 0 0 0
chromium 390 844 /s/DPZ 0 0 0
chromium 1180 820 /s/DPZ 0 0 0
chromium 1024 768 /s/DPZ 0 0 0
chromium 768 1024 /s/JPM 3 0 0
chromium 820 1180 /s/JPM 3 0 0
chromium 768 1024 /s/7203.T 0 1 1
chromium 820 1180 /s/7203.T 0 1 1
chromium 768 1024 /s/005930.KO 3 0 0
chromium 820 1180 /s/005930.KO 3 0 0
chromium 768 1024 /s/AAPL 3 0 0
chromium 820 1180 /s/AAPL 3 0 0
chromium 768 1024 /s/MSFT 3 0 0
chromium 820 1180 /s/MSFT 3 0 0
chromium 768 1024 /s/DPZ 3 0 0
chromium 820 1180 /s/DPZ 3 0 0
webkit 1024 768 / 0 0 0
webkit 768 1024 / 0 0 0
webkit 820 1180 / 0 0 0
webkit 1180 820 / 0 1 1
webkit 375 667 / 0 0 0
webkit 390 844 / 0 0 0
webkit 1180 820 /index 0 0 0
webkit 1024 768 /index 0 1 1
webkit 768 1024 /index 0 1 1
webkit 820 1180 /index 0 1 1
webkit 375 667 /index 0 1 1
webkit 390 844 /index 0 1 1
webkit 1024 768 /HA?q=2026Q2 0 0 0
webkit 768 1024 /HA?q=2026Q2 0 0 0
webkit 375 667 /HA?q=2026Q2 0 0 0
webkit 390 844 /HA?q=2026Q2 0 0 0
webkit 1180 820 /HA?q=2026Q2 0 0 0
webkit 820 1180 /HA?q=2026Q2 0 0 0
webkit 1024 768 /BRK 0 0 0
webkit 375 667 /BRK 0 0 0
webkit 768 1024 /BRK 0 0 0
webkit 390 844 /BRK 0 0 0
webkit 1180 820 /BRK 0 0 0
webkit 820 1180 /BRK 0 0 0
webkit 1024 768 /PSH 0 1 1
webkit 375 667 /PSH 0 1 1
webkit 768 1024 /PSH 0 1 1
webkit 390 844 /PSH 0 1 1
webkit 1180 820 /PSH 0 1 1
webkit 1024 768 /SAM 0 0 0
webkit 375 667 /SAM 0 0 0
webkit 820 1180 /PSH 0 1 1
webkit 768 1024 /SAM 0 0 0
webkit 390 844 /SAM 0 0 0
webkit 1180 820 /SAM 0 0 0
webkit 375 667 /FS 0 0 0
webkit 1024 768 /FS 0 0 0
webkit 820 1180 /SAM 0 0 0
webkit 768 1024 /FS 0 0 0
webkit 390 844 /FS 0 0 0
webkit 1180 820 /FS 0 0 0
webkit 820 1180 /FS 0 0 0
webkit 375 667 /value 0 0 0
webkit 1024 768 /value 0 0 0
webkit 390 844 /value 0 0 0
webkit 768 1024 /value 0 0 0
webkit 1180 820 /value 0 0 0
webkit 820 1180 /value 0 0 0
webkit 375 667 /s/GOOGL 0 1 1
webkit 390 844 /s/GOOGL 0 1 1
webkit 1024 768 /s/GOOGL 0 2 1
webkit 1180 820 /s/GOOGL 0 2 1
webkit 375 667 /s/NVDA 0 0 0
webkit 768 1024 /s/GOOGL 3 1 1
webkit 390 844 /s/NVDA 0 0 0
webkit 820 1180 /s/GOOGL 3 1 1
webkit 1024 768 /s/NVDA 0 1 0
webkit 375 667 /s/KO 0 0 0
webkit 390 844 /s/KO 0 0 0
webkit 1180 820 /s/NVDA 0 1 0
webkit 768 1024 /s/NVDA 3 0 0
webkit 375 667 /s/NTES 0 0 0
webkit 390 844 /s/NTES 0 0 0
webkit 820 1180 /s/NVDA 3 0 0
webkit 1024 768 /s/KO 0 1 0
webkit 1180 820 /s/KO 0 1 0
webkit 375 667 /s/JPM 0 0 0
webkit 390 844 /s/JPM 0 0 0
webkit 375 667 /s/7203.T 0 1 1
webkit 390 844 /s/7203.T 0 1 1
webkit 1024 768 /s/NTES 0 1 0
webkit 768 1024 /s/KO 3 0 0
webkit 820 1180 /s/KO 3 0 0
webkit 375 667 /s/005930.KO 0 0 0
webkit 1180 820 /s/NTES 0 1 0
webkit 390 844 /s/005930.KO 0 0 0
webkit 1024 768 /s/JPM 0 1 0
webkit 375 667 /s/AAPL 0 0 0
webkit 768 1024 /s/NTES 3 0 0
webkit 1024 768 /s/7203.T 0 1 1
webkit 390 844 /s/AAPL 0 0 0
webkit 1180 820 /s/JPM 0 1 0
webkit 820 1180 /s/NTES 2 0 0
webkit 375 667 /s/MSFT 0 0 0
webkit 1180 820 /s/7203.T 0 1 1
webkit 390 844 /s/MSFT 0 0 0
webkit 1024 768 /s/005930.KO 0 1 0
webkit 768 1024 /s/JPM 3 0 0
webkit 375 667 /s/DPZ 0 0 0
webkit 768 1024 /s/7203.T 0 1 1
webkit 1180 820 /s/005930.KO 0 0 0
webkit 390 844 /s/DPZ 0 0 0
webkit 820 1180 /s/JPM 3 0 0
webkit 820 1180 /s/7203.T 0 1 1
webkit 1024 768 /s/AAPL 0 1 0
webkit 1180 820 /s/AAPL 0 1 0
webkit 768 1024 /s/005930.KO 3 0 0
webkit 1024 768 /s/MSFT 0 1 0
webkit 820 1180 /s/005930.KO 3 0 0
webkit 1180 820 /s/MSFT 0 1 0
webkit 768 1024 /s/AAPL 3 0 0
webkit 1024 768 /s/DPZ 0 1 0
webkit 820 1180 /s/AAPL 3 0 0
webkit 1180 820 /s/DPZ 0 1 0
webkit 768 1024 /s/MSFT 3 0 0
webkit 820 1180 /s/MSFT 3 0 0
webkit 768 1024 /s/DPZ 3 0 0
webkit 820 1180 /s/DPZ 3 0 0
