25 identities; 393 rows
50 identities; 807 rows
DONE 50 807
Audit identities: 149
25 identities; 400 rows
50 identities; 766 rows
DONE 50 766
Audit identities: 199
25 identities; 432 rows
50 identities; 1492 rows
DONE 50 1492
Audit identities: 249
25 identities; 1004 rows
50 identities; 1589 rows
DONE 50 1589
Audit identities: 299
25 identities; 587 rows
50 identities; 974 rows
DONE 50 974
Audit identities: 349
25 identities; 490 rows
50 identities; 2158 rows
DONE 50 2158
Audit identities: 399
25 identities; 1821 rows
50 identities; 3415 rows
DONE 50 3415
Audit identities: 449
25 identities; 1023 rows
50 identities; 2067 rows
DONE 50 2067
Audit identities: 499
25 identities; 758 rows
50 identities; 1262 rows
DONE 50 1262
Audit identities: 549
25 identities; 350 rows
50 identities; 778 rows
DONE 50 778
Audit identities: 599
25 identities; 421 rows
50 identities; 1571 rows
DONE 50 1571
Audit identities: 649
25 identities; 1576 rows
50 identities; 2996 rows
DONE 50 2996
Audit identities: 699
25 identities; 1365 rows
50 identities; 2863 rows
DONE 50 2863
Audit identities: 749
25 identities; 1287 rows
50 identities; 2896 rows
DONE 50 2896
Audit identities: 799
25 identities; 1312 rows
50 identities; 2555 rows
DONE 50 2555
Audit identities: 849
25 identities; 1538 rows
50 identities; 3018 rows
DONE 50 3018
Audit identities: 899
25 identities; 1262 rows
50 identities; 2769 rows
DONE 50 2769
Audit identities: 949
25 identities; 1450 rows
50 identities; 2878 rows
DONE 50 2878
Audit identities: 999
25 identities; 1341 rows
50 identities; 2697 rows
DONE 50 2697
Audit identities: 1049
25 identities; 1503 rows
50 identities; 2980 rows
DONE 50 2980
Audit identities: 1099
25 identities; 1275 rows
50 identities; 2782 rows
DONE 50 2782
Audit identities: 1149
25 identities; 1594 rows
50 identities; 3051 rows
DONE 50 3051
Audit identities: 1199
25 identities; 1100 rows
50 identities; 2541 rows
DONE 50 2541
Audit identities: 1249
25 identities; 1577 rows
50 identities; 2977 rows
DONE 50 2977
Audit identities: 1299
25 identities; 1366 rows
50 identities; 2869 rows
DONE 50 2869
Audit identities: 1349
25 identities; 1413 rows
50 identities; 2835 rows
DONE 50 2835
Audit identities: 1399
25 identities; 1402 rows
50 identities; 2616 rows
DONE 50 2616
Audit identities: 1449
25 identities; 1332 rows
50 identities; 2665 rows
DONE 50 2665
Audit identities: 1499
25 identities; 1296 rows
50 identities; 2703 rows
DONE 50 2703
Audit identities: 1549
25 identities; 1322 rows
50 identities; 2666 rows
DONE 50 2666
Audit identities: 1599
25 identities; 1451 rows
50 identities; 2843 rows
DONE 50 2843
Audit identities: 1649
25 identities; 1317 rows
50 identities; 2559 rows
DONE 50 2559
Audit identities: 1699
25 identities; 1416 rows
50 identities; 2994 rows
DONE 50 2994
Audit identities: 1749
25 identities; 1232 rows
50 identities; 2549 rows
DONE 50 2549
Audit identities: 1799
25 identities; 1319 rows
50 identities; 2880 rows
DONE 50 2880
Audit identities: 1849
25 identities; 1513 rows
50 identities; 3053 rows
DONE 50 3053
Audit identities: 1899
25 identities; 1327 rows
50 identities; 2776 rows
DONE 50 2776
Audit identities: 1949
25 identities; 1040 rows
50 identities; 2390 rows
DONE 50 2390
Audit identities: 1999
25 identities; 1478 rows
50 identities; 2773 rows
DONE 50 2773
Audit identities: 2049
DONE 9 393
Audit identities: 2058
Current identities: 100
Current identities: 200
Current identities: 300
Current identities: 400
Current identities: 500
Current identities: 600
Current identities: 700
Current identities: 800
Current identities: 900
Current identities: 1000
Current identities: 1100
Current identities: 1200
Current identities: 1300
Current identities: 1400
Current identities: 1500
Current identities: 1600
Current identities: 1700
Current identities: 1800
Current identities: 1900
Current identities: 2000
Current identities: 2100
Current identities: 2200
Current identities: 2300
Current identities: 2400
Current identities: 2500
Current identities: 2600
Current identities: 2700
Current identities: 2800
Current identities: 2900
Current identities: 3000
Current identities: 3100
Current identities: 3200
Current identities: 3300
Current identities: 3400
Current identities: 3500
Current identities: 3600
Current identities: 3700
Current identities: 3800
Current audit 0 errors 0
Current identities: 3899
