1728x970 /s/nvda.us page: FAIL text below 13px: "In depth" (12px); text below 13px: "↗" (12px); text below 13px: "GigaInvestors" (12px); text below 13px: "GigaValue" (12px); text below 13px: "Search" (12px); text below 13px: "/" (12px); text below 13px: "Method" (12px); text below 13px: "Newsletter" (12px); text below 13px: "Agent API" (12px); text below 13px: "Contact" (12px)
1728x970 /s/nvda.us Open Predictable profits evidence: FAIL text below 13px: "Close" (12px); text below 13px: "×" (12px); text cut by container: "FY2023 operating-margin dip fu"; text below the fold on a no-scroll page: "FY2023 operating-margin dip fu"
1728x970 /s/nvda.us Open Lasting advantage evidence: FAIL text below 13px: "Close" (12px); text below 13px: "×" (12px)
1728x970 /s/nvda.us Open Cash for owners evidence: FAIL text below 13px: "Close" (12px); text below 13px: "×" (12px)
1728x970 /s/nvda.us Open Value created per $1 kept evidence: FAIL text below 13px: "Close" (12px); text below 13px: "×" (12px); raster empty area 24.2% > 15%
1728x970 /s/nvda.us Open Honest profits evidence: FAIL text below 13px: "Close" (12px); text below 13px: "×" (12px); raster empty area 22.9% > 15%
1728x970 /s/nvda.us Open valuation: FAIL text below 13px: "Close" (12px); text below 13px: "×" (12px); raster empty area 33.0% > 15%; empty block 202px tall spans over half panel
1728x970 /s/nvda.us Search: PASS
1728x970 /s/nvda.us Search results: PASS
1728x970 /s/eme.us page: FAIL text below 13px: "In depth" (12px); text below 13px: "↗" (12px); text below 13px: "GigaInvestors" (12px); text below 13px: "GigaValue" (12px); text below 13px: "Search" (12px); text below 13px: "/" (12px); text below 13px: "Method" (12px); text below 13px: "Newsletter" (12px); text below 13px: "Agent API" (12px); text below 13px: "Contact" (12px)
1728x970 /s/eme.us Open Predictable profits evidence: FAIL text below 13px: "Close" (12px); text below 13px: "×" (12px); text cut by container: "FY2020 operating-margin dip fu"; text below the fold on a no-scroll page: "FY2020 operating-margin dip fu"
1728x970 /s/eme.us Open Lasting advantage evidence: FAIL text below 13px: "Close" (12px); text below 13px: "×" (12px); raster empty area 16.6% > 15%
1728x970 /s/eme.us Open Cash for owners evidence: FAIL text below 13px: "Close" (12px); text below 13px: "×" (12px)
1728x970 /s/eme.us Open Value created per $1 kept evidence: FAIL text below 13px: "Close" (12px); text below 13px: "×" (12px); raster empty area 19.5% > 15%
1728x970 /s/eme.us Open Honest profits evidence: FAIL text below 13px: "Close" (12px); text below 13px: "×" (12px); raster empty area 24.0% > 15%
1728x970 /s/eme.us Open valuation: FAIL text below 13px: "Close" (12px); text below 13px: "×" (12px); raster empty area 32.5% > 15%; empty block 202px tall spans over half panel
1728x970 /s/eme.us Search: PASS
1728x970 /s/eme.us Search results: PASS
1728x970 /s/mrk.us page: FAIL text below 13px: "In depth" (12px); text below 13px: "↗" (12px); text below 13px: "GigaInvestors" (12px); text below 13px: "GigaValue" (12px); text below 13px: "Search" (12px); text below 13px: "/" (12px); text below 13px: "Method" (12px); text below 13px: "Newsletter" (12px); text below 13px: "Agent API" (12px); text below 13px: "Contact" (12px)
1728x970 /s/mrk.us Open Predictable profits evidence: FAIL text below 13px: "Close" (12px); text below 13px: "×" (12px); text cut by container: "FY2023 operating-margin dip fu"; text below the fold on a no-scroll page: "FY2023 operating-margin dip fu"
1728x970 /s/mrk.us Open Lasting advantage evidence: FAIL text below 13px: "Close" (12px); text below 13px: "×" (12px)
1728x970 /s/mrk.us Open Cash for owners evidence: FAIL text below 13px: "Close" (12px); text below 13px: "×" (12px)
1728x970 /s/mrk.us Open Value created per $1 kept evidence: FAIL text below 13px: "Close" (12px); text below 13px: "×" (12px); raster empty area 24.4% > 15%
1728x970 /s/mrk.us Open Honest profits evidence: FAIL text below 13px: "Close" (12px); text below 13px: "×" (12px); raster empty area 23.1% > 15%
1728x970 /s/mrk.us Open valuation: FAIL text below 13px: "Close" (12px); text below 13px: "×" (12px); raster empty area 35.8% > 15%; empty block 226px tall spans over half panel
1728x970 /s/mrk.us Search: PASS
1728x970 /s/mrk.us Search results: PASS
1728x970 /s/rhm.xetra page: FAIL text below 13px: "In depth" (12px); text below 13px: "↗" (12px); text below 13px: "GigaInvestors" (12px); text below 13px: "GigaValue" (12px); text below 13px: "Search" (12px); text below 13px: "/" (12px); text below 13px: "Method" (12px); text below 13px: "Newsletter" (12px); text below 13px: "Agent API" (12px); text below 13px: "Contact" (12px)
1728x970 /s/rhm.xetra Open Predictable profits evidence: FAIL text below 13px: "Close" (12px); text below 13px: "×" (12px); text cut by container: "FY2020 operating-margin dip fu"; text below the fold on a no-scroll page: "FY2020 operating-margin dip fu"
1728x970 /s/rhm.xetra Open Lasting advantage evidence: FAIL text below 13px: "Close" (12px); text below 13px: "×" (12px)
1728x970 /s/rhm.xetra Open Cash for owners evidence: FAIL text below 13px: "Close" (12px); text below 13px: "×" (12px); raster empty area 21.3% > 15%
1728x970 /s/rhm.xetra Open Value created per $1 kept evidence: FAIL text below 13px: "Close" (12px); text below 13px: "×" (12px); bottom empty area 16.8% >= 8%; raster empty area 26.3% > 15%; empty block 154px tall spans over half panel
1728x970 /s/rhm.xetra Open Honest profits evidence: FAIL text below 13px: "Close" (12px); text below 13px: "×" (12px); raster empty area 25.0% > 15%
1728x970 /s/rhm.xetra Open valuation: FAIL text below 13px: "Close" (12px); text below 13px: "×" (12px); raster empty area 35.4% > 15%; empty block 226px tall spans over half panel
1728x970 /s/rhm.xetra Search: PASS
1728x970 /s/rhm.xetra Search results: PASS
1728x970 /s/ips.pa page: FAIL text below 13px: "In depth" (12px); text below 13px: "↗" (12px); text below 13px: "GigaInvestors" (12px); text below 13px: "GigaValue" (12px); text below 13px: "Search" (12px); text below 13px: "/" (12px); text below 13px: "Method" (12px); text below 13px: "Newsletter" (12px); text below 13px: "Agent API" (12px); text below 13px: "Contact" (12px)
1728x970 /s/ips.pa Open Predictable profits evidence: FAIL text below 13px: "Close" (12px); text below 13px: "×" (12px); raster empty area 16.2% > 15%
1728x970 /s/ips.pa Open Lasting advantage evidence: FAIL text below 13px: "Close" (12px); text below 13px: "×" (12px)
1728x970 /s/ips.pa Open Cash for owners evidence: FAIL text below 13px: "Close" (12px); text below 13px: "×" (12px); raster empty area 15.5% > 15%
1728x970 /s/ips.pa Open Value created per $1 kept evidence: FAIL text below 13px: "Close" (12px); text below 13px: "×" (12px); raster empty area 20.3% > 15%
1728x970 /s/ips.pa Open Honest profits evidence: FAIL text below 13px: "Close" (12px); text below 13px: "×" (12px); raster empty area 24.0% > 15%
1728x970 /s/ips.pa Open valuation: FAIL text below 13px: "Close" (12px); text below 13px: "×" (12px); raster empty area 31.2% > 15%; empty block 202px tall spans over half panel
1728x970 /s/ips.pa Search: PASS
1728x970 /s/ips.pa Search results: PASS
390x844 /s/nvda.us page: FAIL text below 13px: "GigaInvestors" (12px); text below 13px: "GigaValue" (12px); text below 13px: "Search" (12px); text below 13px: "Method" (12px); text below 13px: "Newsletter" (12px); text below 13px: "Agent API" (12px); text below 13px: "Contact" (12px)
390x844 /s/nvda.us Open Predictable profits evidence: FAIL text below 13px: "Close" (12px)
390x844 /s/nvda.us Open Lasting advantage evidence: FAIL text below 13px: "Close" (12px); raster empty area 15.6% > 15%
390x844 /s/nvda.us Open Cash for owners evidence: FAIL text below 13px: "Close" (12px)
390x844 /s/nvda.us Open Value created per $1 kept evidence: FAIL text below 13px: "Close" (12px); raster empty area 16.3% > 15%
390x844 /s/nvda.us Open Honest profits evidence: FAIL text below 13px: "Close" (12px)
390x844 /s/nvda.us Open valuation: FAIL text below 13px: "Close" (12px); raster empty area 16.5% > 15%
390x844 /s/nvda.us Search: PASS
390x844 /s/nvda.us Search results: PASS
390x844 /s/eme.us page: FAIL text below 13px: "GigaInvestors" (12px); text below 13px: "GigaValue" (12px); text below 13px: "Search" (12px); text below 13px: "Method" (12px); text below 13px: "Newsletter" (12px); text below 13px: "Agent API" (12px); text below 13px: "Contact" (12px)
390x844 /s/eme.us Open Predictable profits evidence: FAIL text below 13px: "Close" (12px)
390x844 /s/eme.us Open Lasting advantage evidence: FAIL text below 13px: "Close" (12px); raster empty area 19.5% > 15%
390x844 /s/eme.us Open Cash for owners evidence: FAIL text below 13px: "Close" (12px)
390x844 /s/eme.us Open Value created per $1 kept evidence: FAIL text below 13px: "Close" (12px); raster empty area 15.6% > 15%
390x844 /s/eme.us Open Honest profits evidence: FAIL text below 13px: "Close" (12px)
390x844 /s/eme.us Open valuation: FAIL text below 13px: "Close" (12px)
390x844 /s/eme.us Search: PASS
390x844 /s/eme.us Search results: PASS
390x844 /s/mrk.us page: FAIL text below 13px: "GigaInvestors" (12px); text below 13px: "GigaValue" (12px); text below 13px: "Search" (12px); text below 13px: "Method" (12px); text below 13px: "Newsletter" (12px); text below 13px: "Agent API" (12px); text below 13px: "Contact" (12px)
390x844 /s/mrk.us Open Predictable profits evidence: FAIL text below 13px: "Close" (12px)
390x844 /s/mrk.us Open Lasting advantage evidence: FAIL text below 13px: "Close" (12px); raster empty area 19.1% > 15%
390x844 /s/mrk.us Open Cash for owners evidence: FAIL text below 13px: "Close" (12px)
390x844 /s/mrk.us Open Value created per $1 kept evidence: FAIL text below 13px: "Close" (12px); raster empty area 15.6% > 15%
390x844 /s/mrk.us Open Honest profits evidence: FAIL text below 13px: "Close" (12px)
390x844 /s/mrk.us Open valuation: FAIL text below 13px: "Close" (12px); raster empty area 15.3% > 15%
390x844 /s/mrk.us Search: PASS
390x844 /s/mrk.us Search results: PASS
390x844 /s/rhm.xetra page: FAIL text below 13px: "GigaInvestors" (12px); text below 13px: "GigaValue" (12px); text below 13px: "Search" (12px); text below 13px: "Method" (12px); text below 13px: "Newsletter" (12px); text below 13px: "Agent API" (12px); text below 13px: "Contact" (12px)
390x844 /s/rhm.xetra Open Predictable profits evidence: FAIL text below 13px: "Close" (12px); raster empty area 15.9% > 15%
390x844 /s/rhm.xetra Open Lasting advantage evidence: FAIL text below 13px: "Close" (12px); raster empty area 16.8% > 15%
390x844 /s/rhm.xetra Open Cash for owners evidence: FAIL text below 13px: "Close" (12px)
390x844 /s/rhm.xetra Open Value created per $1 kept evidence: FAIL text below 13px: "Close" (12px); raster empty area 17.7% > 15%
390x844 /s/rhm.xetra Open Honest profits evidence: FAIL text below 13px: "Close" (12px)
390x844 /s/rhm.xetra Open valuation: FAIL text below 13px: "Close" (12px); raster empty area 16.4% > 15%
390x844 /s/rhm.xetra Search: PASS
390x844 /s/rhm.xetra Search results: PASS
390x844 /s/ips.pa page: FAIL text below 13px: "GigaInvestors" (12px); text below 13px: "GigaValue" (12px); text below 13px: "Search" (12px); text below 13px: "Method" (12px); text below 13px: "Newsletter" (12px); text below 13px: "Agent API" (12px); text below 13px: "Contact" (12px)
390x844 /s/ips.pa Open Predictable profits evidence: FAIL text below 13px: "Close" (12px); raster empty area 19.6% > 15%
390x844 /s/ips.pa Open Lasting advantage evidence: FAIL text below 13px: "Close" (12px); raster empty area 17.4% > 15%
390x844 /s/ips.pa Open Cash for owners evidence: FAIL text below 13px: "Close" (12px)
390x844 /s/ips.pa Open Value created per $1 kept evidence: FAIL text below 13px: "Close" (12px); raster empty area 16.3% > 15%
390x844 /s/ips.pa Open Honest profits evidence: FAIL text below 13px: "Close" (12px)
390x844 /s/ips.pa Open valuation: FAIL text below 13px: "Close" (12px); raster empty area 15.1% > 15%
390x844 /s/ips.pa Search: PASS
390x844 /s/ips.pa Search results: PASS
70/90 states failed. Report: research/rules/outputs/browser-layout/report.json
