copied 1000
copied 2000
copied 3000
copied 4000
copied 5000
copied 6000
copied 7000
copied 8000
copied 9000
copied 10000
copied 11000
copied 12000
copied 13000
copied 14000
copied 15000
copied 16000
copied 17000
copied 18000
copied 19000
copied 20000
copied 21000
copied 22000
copied 23000
copied 24000
copied 25000
copied 26000
copied 27000
copied 28000
copied 29000
copied 30000
copied 31000
copied 32000
copied 33000
copied 34000
copied 35000
copied 36000
copied 37000
copied 38000
copied 39000
copied 40000
copied 41000
copied 42000
copied 43000
copied 44000
copied 45000
copied 46000
copied 47000
copied 48000
copied 49000
copied 50000
copied 51000
copied 52000
copied 53000
copied 54000
copied 55000
copied 56000
copied 57000
copied 58000
copied 59000
copied 60000
copied 61000
copied 62000
copied 63000
copied 64000
copied 65000
copied 66000
copied 67000
copied 68000
copied 69000
copied 70000
copied 71000
copied 72000
copied 73000
copied 74000
copied 75000
copied 76000
copied 77000
copied 78000
copied 79000
copied 80000
copied 81000
copied 82000
copied 83000
copied 84000
copied 85000
copied 86000
copied 87000
copied 88000
copied 89000
copied 90000
copied 91000
copied 92000
copied 93000
copied 94000
copied 95000
copied 96000
copied 97000
copied 98000
copied 99000
copied 100000
copied 101000
copied 102000
copied 103000
copied 104000
copied 105000
copied 106000
copied 107000
copied 108000
copied 109000
copied 110000
copied 111000
copied 112000
copied 113000
copied 114000
copied 115000
copied 116000
copied 117000
copied 118000
copied 119000
copied 120000
copied 121000
copied 122000
copied 123000
copied 124000
copied 125000
copied 126000
copied 127000
copied 128000
copied 129000
copied 130000
copied 131000
copied 132000
copied 133000
copied 134000
copied 135000
copied 136000
copied 137000
copied 138000
copied 139000
copied 140000
copied 141000
copied 142000
copied 143000
copied 144000
copied 145000
copied 146000
copied 147000
copied 148000
copied 149000
copied 150000
copied 151000
copied 152000
copied 153000
copied 154000
copied 155000
copied 156000
copied 157000
copied 158000
copied 159000
copied 160000
copied 161000
copied 162000
copied 163000
copied 164000
copied 165000
copied 166000
copied 167000
copied 168000
copied 169000
copied 170000
copied 171000
copied 172000
copied 173000
copied 174000
copied 175000
copied 176000
copied 177000
copied 178000
copied 179000
copied 180000
copied 181000
copied 182000
copied 183000
copied 184000
copied 185000
copied 186000
copied 187000
copied 188000
copied 189000
copied 190000
copied 191000
copied 192000
copied 193000
copied 194000
copied 195000
copied 196000
copied 197000
copied 198000
copied 199000
copied 200000
copied 201000
copied 202000
copied 203000
copied 204000
copied 205000
copied 206000
copied 207000
copied 208000
copied 209000
copied 210000
copied 211000
copied 212000
copied 213000
copied 214000
copied 215000
copied 216000
copied 217000
copied 218000
copied 219000
copied 220000
copied 221000
copied 222000
copied 223000
copied 224000
copied 225000
copied 226000
copied 227000
copied 228000
copied 229000
copied 230000
copied 231000
copied 232000
copied 233000
copied 234000
copied 235000
copied 236000
copied 237000
copied 238000
copied 239000
copied 240000
copied 241000
copied 242000
copied 243000
copied 244000
copied 245000
copied 246000
copied 247000
copied 248000
copied 249000
copied 250000
copied 251000
copied 252000
copied 253000
copied 254000
copied 255000
copied 256000
copied 257000
copied 258000
copied 259000
copied 260000
copied 261000
copied 262000
copied 263000
copied 264000
copied 265000
copied 266000
copied 267000
copied 268000
copied 269000
copied 270000
copied 271000
copied 272000
copied 273000
copied 274000
copied 275000
copied 276000
copied 277000
copied 278000
copied 279000
copied 280000
copied 281000
copied 282000
copied 283000
copied 284000
copied 285000
copied 286000
copied 287000
copied 288000
copied 289000
copied 290000
copied 291000
copied 292000
copied 293000
copied 294000
copied 295000
copied 296000
copied 297000
copied 298000
copied 299000
copied 300000
copied 301000
copied 302000
copied 303000
copied 304000
copied 305000
copied 306000
copied 307000
copied 308000
copied 309000
copied 310000
copied 311000
copied 312000
copied 313000
copied 314000
copied 315000
copied 316000
copied 317000
copied 318000
copied 319000
copied 320000
copied 321000
copied 322000
copied 323000
copied 324000
copied 325000
copied 326000
copied 327000
copied 328000
copied 329000
copied 330000
copied 331000
copied 332000
copied 333000
copied 334000
copied 335000
copied 336000
copied 337000
copied 338000
copied 339000
copied 340000
copied 341000
copied 342000
copied 343000
copied 344000
copied 345000
copied 346000
copied 347000
copied 348000
copied 349000
copied 350000
copied 351000
copied 352000
copied 353000
copied 354000
copied 355000
copied 356000
copied 357000
copied 358000
copied 359000
copied 360000
copied 361000
copied 362000
copied 363000
copied 364000
copied 365000
copied 366000
copied 367000
copied 368000
copied 369000
copied 370000
copied 371000
copied 372000
copied 373000
copied 374000
copied 375000
copied 376000
copied 377000
copied 378000
copied 379000
copied 380000
copied 381000
copied 382000
copied 383000
copied 384000
copied 385000
copied 386000
copied 387000
copied 388000
copied 389000
copied 390000
copied 391000
copied 392000
copied 393000
copied 394000
copied 395000
copied 396000
copied 397000
copied 398000
copied 399000
copied 400000
copied 401000
copied 402000
copied 403000
copied 404000
copied 405000
copied 406000
copied 407000
copied 408000
copied 409000
copied 410000
copied 411000
copied 412000
copied 413000
copied 414000
copied 415000
copied 416000
copied 417000
copied 418000
copied 419000
copied 420000
copied 421000
copied 422000
copied 423000
copied 424000
copied 425000
copied 426000
copied 427000
copied 428000
copied 429000
copied 430000
copied 431000
copied 432000
copied 433000
copied 434000
copied 435000
copied 436000
copied 437000
copied 438000
copied 439000
copied 440000
copied 441000
copied 442000
copied 443000
copied 444000
copied 445000
copied 446000
copied 447000
copied 448000
copied 449000
copied 450000
copied 451000
copied 452000
copied 453000
copied 454000
copied 455000
copied 456000
copied 457000
copied 458000
copied 459000
copied 460000
copied 461000
copied 462000
copied 463000
copied 464000
copied 465000
copied 466000
copied 467000
copied 468000
copied 469000
copied 470000
copied 471000
copied 472000
copied 473000
copied 474000
copied 475000
copied 476000
copied 477000
copied 478000
copied 479000
copied 480000
copied 481000
copied 482000
copied 483000
copied 484000
copied 485000
copied 486000
copied 487000
copied 488000
copied 489000
copied 490000
copied 491000
copied 492000
copied 493000
copied 494000
copied 495000
copied 496000
copied 497000
copied 498000
copied 499000
copied 500000
copied 501000
copied 502000
copied 503000
copied 504000
copied 505000
copied 506000
copied 507000
copied 508000
copied 509000
copied 510000
copied 511000
copied 512000
copied 513000
copied 514000
copied 515000
copied 516000
copied 517000
copied 518000
copied 519000
copied 520000
copied 521000
copied 522000
copied 523000
copied 524000
copied 525000
copied 526000
copied 527000
copied 528000
copied 529000
copied 530000
DONE 530658
