25 identities; 0 rows
50 identities; 0 rows
75 identities; 0 rows
100 identities; 0 rows
125 identities; 0 rows
150 identities; 0 rows
175 identities; 0 rows
200 identities; 0 rows
225 identities; 1 rows
250 identities; 1 rows
DONE 250 1
25 identities; 0 rows
50 identities; 0 rows
75 identities; 0 rows
100 identities; 0 rows
125 identities; 0 rows
150 identities; 0 rows
175 identities; 0 rows
200 identities; 0 rows
225 identities; 0 rows
250 identities; 0 rows
DONE 250 0
25 identities; 0 rows
50 identities; 0 rows
75 identities; 0 rows
100 identities; 0 rows
125 identities; 0 rows
150 identities; 335 rows
175 identities; 498 rows
200 identities; 691 rows
225 identities; 691 rows
250 identities; 850 rows
DONE 250 850
25 identities; 80 rows
50 identities; 161 rows
75 identities; 187 rows
100 identities; 312 rows
125 identities; 393 rows
150 identities; 437 rows
175 identities; 555 rows
200 identities; 649 rows
225 identities; 674 rows
250 identities; 821 rows
DONE 250 821
25 identities; 0 rows
50 identities; 0 rows
75 identities; 0 rows
100 identities; 84 rows
125 identities; 242 rows
150 identities; 308 rows
175 identities; 388 rows
200 identities; 886 rows
225 identities; 886 rows
250 identities; 1093 rows
DONE 250 1093
25 identities; 138 rows
50 identities; 335 rows
75 identities; 381 rows
100 identities; 442 rows
125 identities; 442 rows
150 identities; 442 rows
175 identities; 443 rows
200 identities; 443 rows
225 identities; 501 rows
250 identities; 598 rows
DONE 250 598
25 identities; 110 rows
50 identities; 207 rows
75 identities; 207 rows
100 identities; 380 rows
125 identities; 460 rows
150 identities; 531 rows
175 identities; 622 rows
200 identities; 622 rows
225 identities; 687 rows
250 identities; 745 rows
DONE 250 745
25 identities; 53 rows
50 identities; 158 rows
75 identities; 345 rows
100 identities; 507 rows
125 identities; 524 rows
150 identities; 661 rows
175 identities; 849 rows
200 identities; 1009 rows
225 identities; 1074 rows
250 identities; 1220 rows
DONE 250 1220
25 identities; 77 rows
50 identities; 175 rows
DONE 58 244
