analyze: AEG.US: JEV_API_KEY is required
analyze: AERO.US: JEV_API_KEY is required
analyze: BRCC.US: JEV_API_KEY is required
analyze: CRIS.US: JEV_API_KEY is required
analyze: DCOM.US: JEV_API_KEY is required
analyze: GFI.US: JEV_API_KEY is required
analyze: JBS.US: JEV_API_KEY is required
analyze: KZIA.US: JEV_API_KEY is required
analyze: OZK.US: JEV_API_KEY is required
analyze: SLQT.US: JEV_API_KEY is required
analyze: SHEL.LSE: JEV_API_KEY is required
analyze: SAN.MC: JEV_API_KEY is required
analyze: ITX.MC: JEV_API_KEY is required
analyze: TTE.PA: JEV_API_KEY is required
analyze: IBE.MC: JEV_API_KEY is required
analyze: SAF.PA: JEV_API_KEY is required
analyze: BBVA.MC: JEV_API_KEY is required
analyze: ABI.BR: JEV_API_KEY is required
analyze: AI.PA: JEV_API_KEY is required
analyze: BP.LSE: JEV_API_KEY is required
analyze: BATS.LSE: JEV_API_KEY is required
analyze: INGA.AS: JEV_API_KEY is required
analyze: CABK.MC: JEV_API_KEY is required
analyze: PRX.AS: JEV_API_KEY is required
analyze: LLOY.LSE: JEV_API_KEY is required
analyze: BARC.LSE: JEV_API_KEY is required
analyze: NG.LSE: JEV_API_KEY is required
analyze: BA.LSE: JEV_API_KEY is required
analyze: STAN.LSE: JEV_API_KEY is required
analyze: ACA.PA: JEV_API_KEY is required
analyze: KBC.BR: JEV_API_KEY is required
analyze: ASM.AS: JEV_API_KEY is required
analyze: HO.PA: JEV_API_KEY is required
analyze: ELE.MC: JEV_API_KEY is required
analyze: DGE.LSE: JEV_API_KEY is required
analyze: SWED-A.ST: JEV_API_KEY is required
analyze: CCEP.LSE: JEV_API_KEY is required
analyze: UCB.BR: JEV_API_KEY is required
analyze: LR.PA: JEV_API_KEY is required
analyze: REP.MC: JEV_API_KEY is required
analyze: III.LSE: JEV_API_KEY is required
analyze: AD.AS: JEV_API_KEY is required
analyze: ADYEN.AS: JEV_API_KEY is required
analyze: ERIC-B.ST: JEV_API_KEY is required
analyze: KER.PA: JEV_API_KEY is required
analyze: ACS.MC: JEV_API_KEY is required
analyze: PUB.PA: JEV_API_KEY is required
analyze: AV.LSE: JEV_API_KEY is required
analyze: OMV.VI: JEV_API_KEY is required
analyze: ML.PA: JEV_API_KEY is required
analyze: VIE.PA: JEV_API_KEY is required
analyze: BT-A.LSE: JEV_API_KEY is required
analyze: IAG.MC: JEV_API_KEY is required
analyze: EXO.AS: JEV_API_KEY is required
analyze: TEF.MC: JEV_API_KEY is required
analyze: KRX.IR: JEV_API_KEY is required
analyze: LGEN.LSE: JEV_API_KEY is required
analyze: BIRG.IR: JEV_API_KEY is required
analyze: PE&OLES.MX: JEV_API_KEY is required
analyze: GALP.LS: JEV_API_KEY is required
analyze: SAB.MC: JEV_API_KEY is required
analyze: CLNX.MC: JEV_API_KEY is required
analyze: RI.PA: JEV_API_KEY is required
analyze: EDPR.LS: JEV_API_KEY is required
analyze: ING.WAR: JEV_API_KEY is required
analyze: AAF.LSE: JEV_API_KEY is required
analyze: ELI.BR: JEV_API_KEY is required
analyze: URW.PA: JEV_API_KEY is required
analyze: ADM.LSE: JEV_API_KEY is required
analyze: BVI.PA: JEV_API_KEY is required
analyze: IPN.PA: JEV_API_KEY is required
analyze: ANA.MC: JEV_API_KEY is required
analyze: ADP.PA: JEV_API_KEY is required
analyze: BOL.PA: JEV_API_KEY is required
analyze: AC.PA: JEV_API_KEY is required
analyze: LI.PA: JEV_API_KEY is required
analyze: MNG.LSE: JEV_API_KEY is required
analyze: DIE.BR: JEV_API_KEY is required
analyze: JYSK.CO: JEV_API_KEY is required
analyze: ALSYDB.CO: JEV_API_KEY is required
analyze: PNDORA.CO: JEV_API_KEY is required
analyze: SW.PA: JEV_API_KEY is required
analyze: GTT.PA: JEV_API_KEY is required
analyze: RNO.PA: JEV_API_KEY is required
analyze: HSX.LSE: JEV_API_KEY is required
analyze: ALO.PA: JEV_API_KEY is required
analyze: SOI.PA: JEV_API_KEY is required
analyze: RAND.AS: JEV_API_KEY is required
analyze: SBMO.AS: JEV_API_KEY is required
analyze: VPK.AS: JEV_API_KEY is required
analyze: EVN.VI: JEV_API_KEY is required
analyze: RSW.LSE: JEV_API_KEY is required
analyze: LMP.LSE: JEV_API_KEY is required
analyze: WTB.LSE: JEV_API_KEY is required
analyze: VK.PA: JEV_API_KEY is required
analyze: HBR.LSE: JEV_API_KEY is required
analyze: ELIS.PA: JEV_API_KEY is required
analyze: GFC.PA: JEV_API_KEY is required
analyze: ENG.MC: JEV_API_KEY is required
analyze: ACP.WAR: JEV_API_KEY is required
analyze: FDJU.PA: JEV_API_KEY is required
analyze: FR.PA: JEV_API_KEY is required
analyze: FDR.MC: JEV_API_KEY is required
analyze: CWK.LSE: JEV_API_KEY is required
analyze: INCH.LSE: JEV_API_KEY is required
analyze: UTG.LSE: JEV_API_KEY is required
analyze: FII.PA: JEV_API_KEY is required
analyze: MELE.BR: JEV_API_KEY is required
analyze: BB.PA: JEV_API_KEY is required
analyze: SOLB.BR: JEV_API_KEY is required
analyze: VIS.MC: JEV_API_KEY is required
analyze: RCO.PA: JEV_API_KEY is required
analyze: NK.PA: JEV_API_KEY is required
analyze: PFD.LSE: JEV_API_KEY is required
analyze: WIE.VI: JEV_API_KEY is required
analyze: LRE.LSE: JEV_API_KEY is required
analyze: ETL.PA: JEV_API_KEY is required
analyze: SESG.PA: JEV_API_KEY is required
analyze: MAU.PA: JEV_API_KEY is required
analyze: VIV.PA: JEV_API_KEY is required
analyze: MMT.PA: JEV_API_KEY is required
analyze: ERA.PA: JEV_API_KEY is required
analyze: TFI.PA: JEV_API_KEY is required
analyze: GAMA.LSE: JEV_API_KEY is required
analyze: ICAD.PA: JEV_API_KEY is required
analyze: TRST.LSE: JEV_API_KEY is required
analyze: HWG.LSE: JEV_API_KEY is required
analyze: HFD.LSE: JEV_API_KEY is required
analyze: WLN.PA: JEV_API_KEY is required
analyze: 3766 written, 4 unchanged, 129 failed
Analysis failed for: AEG.US, AERO.US, BRCC.US, CRIS.US, DCOM.US, GFI.US, JBS.US, KZIA.US, OZK.US, SLQT.US, SHEL.LSE, SAN.MC, ITX.MC, TTE.PA, IBE.MC, SAF.PA, BBVA.MC, ABI.BR, AI.PA, BP.LSE, BATS.LSE, INGA.AS, CABK.MC, PRX.AS, LLOY.LSE, BARC.LSE, NG.LSE, BA.LSE, STAN.LSE, ACA.PA, KBC.BR, ASM.AS, HO.PA, ELE.MC, DGE.LSE, SWED-A.ST, CCEP.LSE, UCB.BR, LR.PA, REP.MC, III.LSE, AD.AS, ADYEN.AS, ERIC-B.ST, KER.PA, ACS.MC, PUB.PA, AV.LSE, OMV.VI, ML.PA, VIE.PA, BT-A.LSE, IAG.MC, EXO.AS, TEF.MC, KRX.IR, LGEN.LSE, BIRG.IR, PE&OLES.MX, GALP.LS, SAB.MC, CLNX.MC, RI.PA, EDPR.LS, ING.WAR, AAF.LSE, ELI.BR, URW.PA, ADM.LSE, BVI.PA, IPN.PA, ANA.MC, ADP.PA, BOL.PA, AC.PA, LI.PA, MNG.LSE, DIE.BR, JYSK.CO, ALSYDB.CO, PNDORA.CO, SW.PA, GTT.PA, RNO.PA, HSX.LSE, ALO.PA, SOI.PA, RAND.AS, SBMO.AS, VPK.AS, EVN.VI, RSW.LSE, LMP.LSE, WTB.LSE, VK.PA, HBR.LSE, ELIS.PA, GFC.PA, ENG.MC, ACP.WAR, FDJU.PA, FR.PA, FDR.MC, CWK.LSE, INCH.LSE, UTG.LSE, FII.PA, MELE.BR, BB.PA, SOLB.BR, VIS.MC, RCO.PA, NK.PA, PFD.LSE, WIE.VI, LRE.LSE, ETL.PA, SESG.PA, MAU.PA, VIV.PA, MMT.PA, ERA.PA, TFI.PA, GAMA.LSE, ICAD.PA, TRST.LSE, HWG.LSE, HFD.LSE, WLN.PA
